main.c:855:13:SPI5_Write	16	static
main.c:967:13:TouchGFX_Task	8	static
main.c:985:6:REDTASK_Fun	16	static
main.c:1009:6:BLUETASK_Fun	16	static
main.c:268:6:SystemClock_Config	152	static
main.c:170:5:main	112	static
main.c:699:6:IOE_Init	0	static
main.c:708:6:IOE_ITConfig	0	static
main.c:720:6:IOE_Write	32	static
main.c:731:9:IOE_Read	32	static
main.c:744:10:IOE_ReadMultiple	24	static
main.c:753:6:IOE_Delay	0	static
main.c:881:6:LCD_IO_Init	8	static
main.c:891:6:LCD_IO_WriteData	16	static
main.c:907:6:LCD_IO_WriteReg	16	static
main.c:926:10:LCD_IO_ReadData	32	static
main.c:953:6:LCD_Delay	0	static
main.c:1034:6:HAL_TIM_PeriodElapsedCallback	0	static
main.c:1051:6:Error_Handler	0	static
