Screen1Presenter.hpp:36:13:Screen1Presenter::~Screen1Presenter()	0	static
Screen1Presenter.cpp:10:6:virtual void Screen1Presenter::activate()	0	static
Screen1Presenter.hpp:36:13:virtual Screen1Presenter::~Screen1Presenter()	8	static
Screen1Presenter.cpp:30:6:virtual void Screen1Presenter::UpdateToggleRedButton(bool)	0	static
Screen1Presenter.hpp:36:13:virtual void* Screen1Presenter::_ZThn4_N16Screen1PresenterD1Ev()	0	static
Screen1Presenter.cpp:4:1:Screen1Presenter::Screen1Presenter(Screen1View&)	8	static
Screen1Presenter.cpp:20:6:void Screen1Presenter::UpDateRedLed(bool)	0	static
Screen1Presenter.cpp:25:6:void Screen1Presenter::GetRedLed()	0	static
